// Jest Snapshot v1, https://goo.gl/fbAQLP

exports[`TrackLabel should TrackLabel match to snapshot 1`] = `
<span
  className="track-label "
>
  awesome text
</span>
`;
