// Jest Snapshot v1, https://goo.gl/fbAQLP

exports[`Message should Message match to snapshot 1`] = `
<div
  className="message info"
>
  awesome text
</div>
`;
