// Jest Snapshot v1, https://goo.gl/fbAQLP

exports[`FilterButton should FilterButton match to snapshot 1`] = `
<button
  className="filter-button"
  onClick={[Function]}
>
  <div
    className="filter-title"
  >
    awesome filter button
  </div>
</button>
`;
