// Jest Snapshot v1, https://goo.gl/fbAQLP

exports[`Should CardPlaylist match to snapshot 1`] = `
<section
  className="card-playlist"
/>
`;
