// Jest Snapshot v1, https://goo.gl/fbAQLP

exports[`CardImage should CardImage match to snapshot 1`] = `
<img
  alt=""
  className="card-image"
  src="http://via.placeholder.com/400x400"
  title=""
  width={300}
/>
`;
