// Jest Snapshot v1, https://goo.gl/fbAQLP

exports[`CardTitle match to snapshot 1`] = `
<span
  className="card-title"
>
  Galactic vibes
</span>
`;
